// Jest Snapshot v1, https://goo.gl/fbAQLP

exports[`<Layout /> Should render correctly 1`] = `
<div>
  <header
    class="css-15etwxy-HeaderRoot e1ghuqy50"
  >
    <div
      class="css-1b1jc49-HeaderContainer e1ghuqy51"
    >
      <nav
        class="css-11njdmq-NavRoot e1ghuqy52"
      >
        <div
          class="css-1hbc6ct-ListItem e1ghuqy53"
        >
          <a
            class="css-sgch7x-ItemLink e1ghuqy54"
          >
            phrases.features
          </a>
          <a
            class="css-sgch7x-ItemLink e1ghuqy54"
          >
            phrases.apiExample
          </a>
        </div>
        <div
          class="css-13ln5v8-Space e1ghuqy56"
        />
        <div
          class="css-1at58d5-ListActions e1ghuqy55"
        >
          <select
            class="css-1j005nt-SelectRoot eusgkv00"
            id="languages"
            name="languages"
          >
            <option
              value="es"
            >
              languages.es
            </option>
            <option
              value="en"
            >
              languages.en
            </option>
          </select>
        </div>
      </nav>
    </div>
  </header>
  <main>
    <div
      class="css-12g2fob-BannerRoot e1alx0b60"
    >
      <img
        alt="react-next-boilerplate"
        class="css-1gb4ms7-Logo e1alx0b63"
        src="/static/images/reac-next-boilerplate-logo.svg"
      />
      <h1
        class="css-3j23gb-Title e1alx0b61"
      >
        title
      </h1>
      <h2
        class="css-15g2rhr-SubTitle e1alx0b62"
      >
        subTitle
      </h2>
    </div>
    <div>
      some text
    </div>
  </main>
  <footer
    class="jsx-898115948 root"
  >
    <div
      class="jsx-898115948 container"
    >
      <div
        class="jsx-898115948 row"
      >
        <a
          class="jsx-898115948 link"
          href="https://nextjs.org/features/server-side-rendering"
          rel="noopener noreferrer"
          target="_blank"
        >
          SSR
        </a>
        <a
          class="jsx-898115948 link"
          href="https://nextjs.org/features/static-exporting"
          rel="noopener noreferrer"
          target="_blank"
        >
          Static Exporting
        </a>
        <a
          class="jsx-898115948 link"
          href="https://nextjs.org/features/css-in-js"
          rel="noopener noreferrer"
          target="_blank"
        >
          CSS-in-JS
        </a>
        <a
          class="jsx-898115948 link"
          href="https://nextjs.org/features/progressive-web-apps"
          rel="noopener noreferrer"
          target="_blank"
        >
          PWA
        </a>
      </div>
    </div>
  </footer>
</div>
`;
